state	power	likelihood
4	0.07776	-27021.2
5	0.07776	-27021.2
6	0.07776	-27021.2
7	0.07776	-27021.2
8	0.07776	-27021.2
9	0.07776	-27021.2
10	0.07776	-27021.2
