state	power	likelihood
4	0.01024	-27021.2
5	0.01024	-27021.2
6	0.01024	-27021.2
7	0.01024	-27021.2
8	0.01024	-27021.2
9	0.01024	-27021.2
10	0.01024	-27021.2
