state	power	likelihood
4	1e-05	-29542.7
5	1e-05	-30313.1
6	1e-05	-29199.3
7	1e-05	-29667.2
8	1e-05	-27820.2
9	1e-05	-28490.8
10	1e-05	-28952.4
