state	power	likelihood
4	1.16658e-302	-29303.4
5	1.16658e-302	-28801.8
6	1.16658e-302	-29104.9
7	1.16658e-302	-31251.1
8	1.16658e-302	-32025.8
9	1.16658e-302	-31466.9
10	1.16658e-302	-31839.5
