state	power	likelihood
4	0.00032	-30916.8
5	0.00032	-30564.3
6	0.00032	-30352.1
7	0.00032	-29703
8	0.00032	-29399
9	0.00032	-30551.6
10	0.00032	-28585.9
