state	power	likelihood
4	1	-27021.2
5	1	-27021.2
6	1	-27021.2
7	1	-27021.2
8	1	-27021.2
9	1	-27021.2
10	1	-27021.2
