state	power	likelihood
4	0.00243	-22847.2
5	0.00243	-22847.2
6	0.00243	-22847.2
7	0.00243	-22847.2
8	0.00243	-22847.2
9	0.00243	-22847.2
10	0.00243	-22847.2
